I'm sorry, but errors were detected in your script. Please correct the
errors listed below, and try again.


File "game/script.rpy", line 54: expected statement.
    width fade
              ^

Ren'Py Version: Ren'Py 8.2.1.24030407
Wed May 22 04:31:25 2024
